// Jest Snapshot v1, https://goo.gl/fbAQLP

exports[`State management Action handlers validationRequestSuccess should create decorations for the incoming validations 1`] = `
Object {
  "currentThrottle": 100,
  "currentValidations": Array [
    Object {
      "annotation": "Summat ain't right",
      "from": 5,
      "id": "id",
      "str": "Example text to validate",
      "to": 10,
      "type": "EXAMPLE_TYPE",
    },
  ],
  "debug": false,
  "decorations": DecorationSet {
    "children": Array [
      0,
      26,
      DecorationSet {
        "children": Array [],
        "local": Array [
          Decoration {
            "from": 4,
            "to": 4,
            "type": WidgetType {
              "side": 0,
              "spec": Object {
                "type": "DECORATION_VALIDATION_HEIGHT_MARKER",
              },
              "toDOM": <span
                data-height-marker-id="id"
              />,
            },
          },
          Decoration {
            "from": 4,
            "to": 9,
            "type": InlineType {
              "attrs": Object {
                "class": "ValidationDecoration",
                "data-validation-id": "id",
              },
              "spec": Object {
                "inclusiveStart": true,
                "type": "DECORATION_VALIDATION",
              },
            },
          },
        ],
      },
    ],
    "local": Array [],
  },
  "dirtiedRanges": Array [],
  "error": undefined,
  "hoverId": undefined,
  "hoverInfo": undefined,
  "initialThrottle": 100,
  "maxThrottle": 1000,
  "selectedValidation": undefined,
  "trHistory": Array [
    Transaction {
      "curSelection": undefined,
      "curSelectionFor": 0,
      "doc": Object {
        "content": Array [
          Object {
            "content": Array [
              Object {
                "text": "Example text to validate",
                "type": "text",
              },
            ],
            "type": "paragraph",
          },
        ],
        "type": "doc",
      },
      "docs": Array [],
      "mapping": Mapping {
        "from": 0,
        "maps": Array [],
        "mirror": undefined,
        "to": 0,
      },
      "meta": Object {},
      "steps": Array [],
      "storedMarks": undefined,
      "time": 0,
      "updated": 0,
    },
  ],
  "validationInFlight": undefined,
  "validationPending": false,
}
`;
