// Jest Snapshot v1, https://goo.gl/fbAQLP

exports[`State management Action handlers validationRequestSuccess should create decorations for the incoming validations 1`] = `
Object {
  "currentThrottle": 100,
  "currentValidations": Array [],
  "debug": false,
  "decorations": DecorationSet {
    "children": Array [],
    "local": Array [],
  },
  "dirtiedRanges": Array [],
  "error": undefined,
  "hoverId": undefined,
  "hoverInfo": undefined,
  "initialThrottle": 100,
  "maxThrottle": 1000,
  "selectedValidation": undefined,
  "trHistory": Array [
    Transaction {
      "curSelection": undefined,
      "curSelectionFor": 0,
      "doc": Object {
        "content": Array [
          Object {
            "content": Array [
              Object {
                "text": "Example text to validate",
                "type": "text",
              },
            ],
            "type": "paragraph",
          },
        ],
        "type": "doc",
      },
      "docs": Array [],
      "mapping": Mapping {
        "from": 0,
        "maps": Array [],
        "mirror": undefined,
        "to": 0,
      },
      "meta": Object {},
      "steps": Array [],
      "storedMarks": undefined,
      "time": 0,
      "updated": 0,
    },
  ],
  "validationPending": false,
  "validationsInFlight": Array [],
}
`;
