// Jest Snapshot v1, https://goo.gl/fbAQLP

exports[`Action handlers requestMatchesSuccess should create decorations for the incoming matches 1`] = `
Object {
  "currentMatches": Array [],
  "currentThrottle": 100,
  "debug": false,
  "decorations": DecorationSet {
    "children": Array [],
    "local": Array [],
  },
  "dirtiedRanges": Array [],
  "error": undefined,
  "hoverId": undefined,
  "hoverInfo": undefined,
  "initialThrottle": 100,
  "maxThrottle": 1000,
  "requestMatchesOnDocModified": true,
  "requestPending": false,
  "requestsInFlight": Object {},
  "selectedMatch": undefined,
  "trHistory": Array [
    Transaction {
      "curSelection": undefined,
      "curSelectionFor": 0,
      "doc": Object {
        "content": Array [
          Object {
            "content": Array [
              Object {
                "text": "Example text to check",
                "type": "text",
              },
            ],
            "type": "paragraph",
          },
        ],
        "type": "doc",
      },
      "docs": Array [],
      "mapping": Mapping {
        "from": 0,
        "maps": Array [],
        "mirror": undefined,
        "to": 0,
      },
      "meta": Object {},
      "steps": Array [],
      "storedMarks": undefined,
      "time": 0,
      "updated": 0,
    },
  ],
}
`;
